// Jest Snapshot v1, https://goo.gl/fbAQLP

exports[`components/Button renders 1`] = `
<Popconfirm
  arrowPointAtCenter={true}
  cancelText="Cancel"
  icon={
    <ForwardRef(render)
      type="warning"
    />
  }
  okText="Yes"
  okType="danger"
  onCancel={[Function]}
  onConfirm={[Function]}
  placement="bottom"
  title="Are you sure"
  transitionName="zoom-big"
  trigger="click"
  visible={false}
>
  <Button
    block={false}
    css={
      Object {
        "map": undefined,
        "name": "48x2js",
        "next": undefined,
        "styles": "
  color: #ed474f;

  &:hover,
  &:active,
  &:focus {
    color: #ed474f;
    border-color: #ed474f;
  }
",
      }
    }
    disabled={false}
    ghost={false}
    loading={false}
    onClick={[Function]}
  >
    <Icon
      type="delete"
    />
    Delete
  </Button>
</Popconfirm>
`;
